Last login: Mon Nov  7 16:45:27 on console

The default interactive shell is now zsh.
To update your account to use zsh, please run `chsh -s /bin/zsh`.
For more details, please visit https://support.apple.com/kb/HT208050.
Gyanaas-MacBook-Air:~ gyanaavaibhav$ chmod 600 ~/Downloads/qwiklabs-L34825877.pem
Gyanaas-MacBook-Air:~ gyanaavaibhav$ ssh -i ~/Downloads/qwiklabs-L34825877.pem student-03-d771149075af@34.171.184.6
The authenticity of host '34.171.184.6 (34.171.184.6)' can't be established.
ED25519 key fingerprint is SHA256:hCxYzKa74dxKrg4NceZfM5oLRiVQpCXIu+3I0jxCBZc.
This key is not known by any other names
Are you sure you want to continue connecting (yes/no/[fingerprint])? yes
Warning: Permanently added '34.171.184.6' (ED25519) to the list of known hosts.
Linux linux-instance 4.9.0-15-amd64 #1 SMP Debian 4.9.258-1 (2021-03-08) x86_64

The programs included with the Debian GNU/Linux system are free software;
the exact distribution terms for each program are described in the
individual files in /usr/share/doc/*/copyright.

Debian GNU/Linux comes with ABSOLUTELY NO WARRANTY, to the extent
permitted by applicable law.
student-03-d771149075af@linux-instance:~$ cd ~/food-scripts
student-03-d771149075af@linux-instance:~/food-scripts$ 
student-03-d771149075af@linux-instance:~/food-scripts$ ls
favorite_foods.log  food_count.py  food_question.py
student-03-d771149075af@linux-instance:~/food-scripts$ cat favorite_foods.log
pie
burgers
pizza
pie
tacos
fried chicken
spaghetti
rice
cake
broccoli
cake
cereal
salad
avocados
burgers
rice
rice
salad
ice cream
avocados
pie
pizza
fish
fried chicken
rice
strawberries
broccoli
bananas
salad
pizza
tacos
spaghetti
burgers
spaghetti
spaghetti
watermelon
avocados
strawberries
avocados
burgers
spaghetti
salad
pie
fried chicken
rice
fish
fried chicken
ice cream
fried chicken
pizza
salad
avocados
rice
pie
pie
tacos
fish
rice
salad
bananas
burgers
salad
rice
tacos
fried chicken
pizza
bananas
rice
bananas
rice
cereal
pizza
ice cream
strawberries
cereal
fried chicken
rice
burgers
bananas
broccoli
rice
burgers
avocados
tacos
fish
broccoli
fried chicken
pizza
burgers
cake
tacos
pie
burgers
ice cream
broccoli
watermelon
fried chicken
pie
burgers
ice cream
student-03-d771149075af@linux-instance:~/food-scripts$ ./food_count.py
rice, 12
burgers, 10
fried chicken, 9
pie, 8
pizza, 7
salad, 7
tacos, 6
avocados, 6
bananas, 5
ice cream, 5
broccoli, 5
spaghetti, 5
fish, 4
cake, 3
strawberries, 3
cereal, 3
watermelon, 2
student-03-d771149075af@linux-instance:~/food-scripts$ ./food_question.py
Traceback (most recent call last):
  File "./food_question.py", line 10, in <module>
    if item not in counter:
NameError: name 'item' is not defined
student-03-d771149075af@linux-instance:~/food-scripts$ git status
On branch master
nothing to commit, working tree clean
student-03-d771149075af@linux-instance:~/food-scripts$ git log
commit 21cf376832fa6eace35c0bf9e4bae4a3400452e9
Author: Alex Cooper <alex_cooper@gmail.com>
commit 21cf376832fa6eace35c0bf9e4bae4a3400452e9
Author: Alex Cooper <alex_cooper@gmail.com>
commit 21cf376832fa6eace35c0bf9e4bae4a3400452e9
Author: Alex Cooper <alex_cooper@gmail.com>
commit 21cf376832fa6eace35c0bf9e4bae4a3400452e9
Author: Alex Cooper <alex_cooper@gmail.com>
commit 21cf376832fa6eace35c0bf9e4bae4a3400452e9
Author: Alex Cooper <alex_cooper@gmail.com>
Date:   Wed Jan 8 14:09:39 2020 +0530

    Rename item variable to food_item.

commit b8d00e33237b24ea1480c363edd972cf4b49eedf
Author: Alex Cooper <alex_cooper@gmail.com>
Date:   Wed Jan 8 14:08:35 2020 +0530

    Added file food_question.py that returns how many others in the list like that same food.

commit 8d5a3189b88d273ef08286e5074b5e38d616da21
Author: Alex Cooper <alex_cooper@gmail.com>
Date:   Wed Jan 8 14:07:15 2020 +0530

    Added file food_count.py that returns a list of each food and the number of times each food appears in favorite_foods.log file.

commit 0a202e03e0356d2b5c323e51905d3d06e5e2d0ed
Author: Alex Cooper <alex_cooper@gmail.com>
Date:   Wed Jan 8 14:06:21 2020 +0530
/bin/bash: -c: line 0: unexpected EOF while looking for matching `"'
/bin/bash: -c: line 1: syntax error: unexpected end of file

 ESCOC
om>




b49eedf
om>


urns how many others in the list like that same food.

616da21
om>


s a list of each food and the number of times each food appears in favorite_food

5e2d0ed
om>


ontains list of foods.
~
 ESCOC









at same food.





times each food appears in favorite_foods.log file.






~
 ESCOC















s.log file.






~
 ESCOC






















~
 ESCOC






















~
 ESCOC






















~
 ESCOD






















~
 ESCOD






















~
 ESCOD















s.log file.






~
 ESCOD









at same food.





times each food appears in favorite_foods.log file.






~
 ESCOD
00452e9
om>




b49eedf
om>


urns how many others in the list like that same food.

616da21
om>


s a list of each food and the number of times each food appears in favorite_food

5e2d0ed
om>


ontains list of foods.
 ESCOD
























commit 21cf376832fa6eace35c0bf9e4bae4a3400452e9
Author: Alex Cooper <alex_cooper@gmail.com>
Date:   Wed Jan 8 14:09:39 2020 +0530

    Rename item variable to food_item.

commit b8d00e33237b24ea1480c363edd972cf4b49eedf
Author: Alex Cooper <alex_cooper@gmail.com>
Date:   Wed Jan 8 14:08:35 2020 +0530

    Added file food_question.py that returns how many others in the list like that same food.

commit 8d5a3189b88d273ef08286e5074b5e38d616da21
Author: Alex Cooper <alex_cooper@gmail.com>
Date:   Wed Jan 8 14:07:15 2020 +0530

    Added file food_count.py that returns a list of each food and the number of times each food appears in favorite_foods.log file.

commit 0a202e03e0356d2b5c323e51905d3d06e5e2d0ed
Author: Alex Cooper <alex_cooper@gmail.com>
Date:   Wed Jan 8 14:06:21 2020 +0530
 ESCOD
























commit 21cf376832fa6eace35c0bf9e4bae4a3400452e9
Author: Alex Cooper <alex_cooper@gmail.com>
Date:   Wed Jan 8 14:09:39 2020 +0530

    Rename item variable to food_item.

commit b8d00e33237b24ea1480c363edd972cf4b49eedf
Author: Alex Cooper <alex_cooper@gmail.com>
Date:   Wed Jan 8 14:08:35 2020 +0530

    Added file food_question.py that returns how many others in the list like that same food.

commit 8d5a3189b88d273ef08286e5074b5e38d616da21
Author: Alex Cooper <alex_cooper@gmail.com>
Date:   Wed Jan 8 14:07:15 2020 +0530

    Added file food_count.py that returns a list of each food and the number of times each food appears in favorite_foods.log file.

commit 0a202e03e0356d2b5c323e51905d3d06e5e2d0ed
Author: Alex Cooper <alex_cooper@gmail.com>
Date:   Wed Jan 8 14:06:21 2020 +0530
 ESCOD
























commit 21cf376832fa6eace35c0bf9e4bae4a3400452e9
Author: Alex Cooper <alex_cooper@gmail.com>
Date:   Wed Jan 8 14:09:39 2020 +0530

    Rename item variable to food_item.

commit b8d00e33237b24ea1480c363edd972cf4b49eedf
Author: Alex Cooper <alex_cooper@gmail.com>
Date:   Wed Jan 8 14:08:35 2020 +0530

    Added file food_question.py that returns how many others in the list like that same food.

commit 8d5a3189b88d273ef08286e5074b5e38d616da21
Author: Alex Cooper <alex_cooper@gmail.com>
Date:   Wed Jan 8 14:07:15 2020 +0530

    Added file food_count.py that returns a list of each food and the number of times each food appears in favorite_foods.log file.

commit 0a202e03e0356d2b5c323e51905d3d06e5e2d0ed
Author: Alex Cooper <alex_cooper@gmail.com>
Date:   Wed Jan 8 14:06:21 2020 +0530
student-03-d771149075af@linux-instance:~/food-scripts$ git config user.name "Gyanaa"
student-03-d771149075af@linux-instance:~/food-scripts$ git config user.email "gynanrudr0@gmail.com""
> 
> ^C
student-03-d771149075af@linux-instance:~/food-scripts$ git branch improve-output
student-03-d771149075af@linux-instance:~/food-scripts$ git checkout improve-output
Switched to branch 'improve-output'
student-03-d771149075af@linux-instance:~/food-scripts$ nano food_count.py
student-03-d771149075af@linux-instance:~/food-scripts$ ./food_count.py
Favourite foods, from most popular to least popular
rice, 12
burgers, 10
fried chicken, 9
pie, 8
salad, 7
pizza, 7
tacos, 6
avocados, 6
ice cream, 5
bananas, 5
broccoli, 5
spaghetti, 5
fish, 4
cake, 3
strawberries, 3
cereal, 3
watermelon, 2
student-03-d771149075af@linux-instance:~/food-scripts$ git add food_count.py
student-03-d771149075af@linux-instance:~/food-scripts$ git commit -m "Adding a line in the output describing the utility of food_count.py script"
[improve-output 09fb308] Adding a line in the output describing the utility of food_count.py script
 1 file changed, 1 insertion(+)
student-03-d771149075af@linux-instance:~/food-scripts$ ./food_question.py
Traceback (most recent call last):
  File "./food_question.py", line 10, in <module>
    if item not in counter:
NameError: name 'item' is not defined
student-03-d771149075af@linux-instance:~/food-scripts$ git log
commit 09fb308cc7fbc5c8a285735ff4ce5da8add70cd2
Author: Gyanaa <alex_cooper@gmail.com>
Date:   Tue Nov 8 05:14:40 2022 +0000

    Adding a line in the output describing the utility of food_count.py script

commit 21cf376832fa6eace35c0bf9e4bae4a3400452e9
Author: Alex Cooper <alex_cooper@gmail.com>
Date:   Wed Jan 8 14:09:39 2020 +0530

    Rename item variable to food_item.

commit b8d00e33237b24ea1480c363edd972cf4b49eedf
Author: Alex Cooper <alex_cooper@gmail.com>
Date:   Wed Jan 8 14:08:35 2020 +0530

    Added file food_question.py that returns how many others in the list like that same food.

commit 8d5a3189b88d273ef08286e5074b5e38d616da21
Author: Alex Cooper <alex_cooper@gmail.com>
Date:   Wed Jan 8 14:07:15 2020 +0530

student-03-d771149075af@linux-instance:~/food-scripts$ git revert [commit-ID]
fatal: bad revision '[commit-ID]'
student-03-d771149075af@linux-instance:~/food-scripts$ git revert [Adding a line in the output describing the utility of food_count.py script]
fatal: bad revision '[Adding'
student-03-d771149075af@linux-instance:~/food-scripts$ git revert [09fb308cc7fbc5c8a285735ff4ce5da8add70cd2]
fatal: bad revision '[09fb308cc7fbc5c8a285735ff4ce5da8add70cd2]'
student-03-d771149075af@linux-instance:~/food-scripts$ git revert 09fb308cc7fbc5c8a285735ff4ce5da8add70cd2
[improve-output 320aa19] Revert "Adding a line in the output describing the utility of food_count.py script"
 1 file changed, 1 deletion(-)
student-03-d771149075af@linux-instance:~/food-scripts$ ./food_question.py
Traceback (most recent call last):
  File "./food_question.py", line 10, in <module>
    if item not in counter:
NameError: name 'item' is not defined
student-03-d771149075af@linux-instance:~/food-scripts$ git revert 09fb308cc7fbc5c8a285735ff4ce5da8add70cd2
On branch improve-output
Untracked files:
	"er.name \"Gyanaa\"\""

nothing added to commit but untracked files present
student-03-d771149075af@linux-instance:~/food-scripts$ ./food_question.py
Traceback (most recent call last):
  File "./food_question.py", line 10, in <module>
    if item not in counter:
NameError: name 'item' is not defined
student-03-d771149075af@linux-instance:~/food-scripts$ git checkout master
Switched to branch 'master'
student-03-d771149075af@linux-instance:~/food-scripts$ git merge improve-output
Updating 21cf376..320aa19
Fast-forward
student-03-d771149075af@linux-instance:~/food-scripts$ ./food_question.py
Traceback (most recent call last):
  File "./food_question.py", line 10, in <module>
    if item not in counter:
NameError: name 'item' is not defined
student-03-d771149075af@linux-instance:~/food-scripts$ git status
On branch master
Untracked files:
  (use "git add <file>..." to include in what will be committed)

	"er.name \"Gyanaa\"\""

nothing added to commit but untracked files present (use "git add" to track)
student-03-d771149075af@linux-instance:~/food-scripts$ git log
commit 320aa19d2329ec4359117f1259b08eab109919d9
Author: Gyanaa <alex_cooper@gmail.com>
Date:   Tue Nov 8 05:17:33 2022 +0000

    Revert "Adding a line in the output describing the utility of food_count.py script"
    
    This reverts commit 09fb308cc7fbc5c8a285735ff4ce5da8add70cd2.

commit 09fb308cc7fbc5c8a285735ff4ce5da8add70cd2
Author: Gyanaa <alex_cooper@gmail.com>
Date:   Tue Nov 8 05:14:40 2022 +0000

    Adding a line in the output describing the utility of food_count.py script

commit 21cf376832fa6eace35c0bf9e4bae4a3400452e9
Author: Alex Cooper <alex_cooper@gmail.com>
Date:   Wed Jan 8 14:09:39 2020 +0530

    Rename item variable to food_item.

commit b8d00e33237b24ea1480c363edd972cf4b49eedf
Author: Alex Cooper <alex_cooper@gmail.com>
student-03-d771149075af@linux-instance:~/food-scripts$ 
