Last login: Tue Nov  1 19:00:06 on ttys001

The default interactive shell is now zsh.
To update your account to use zsh, please run `chsh -s /bin/zsh`.
For more details, please visit https://support.apple.com/kb/HT208050.
Gyanaas-MacBook-Air:~ gyanaavaibhav$ git config user.email "gynanrudr0@gmail.com"
fatal: not in a git directory
Gyanaas-MacBook-Air:~ gyanaavaibhav$ git config user.email
57447831+Gyanaa-Vaibhav@users.noreply.github.com
Gyanaas-MacBook-Air:~ gyanaavaibhav$ git config user.email gynanrudr0@gmail.com
fatal: not in a git directory
Gyanaas-MacBook-Air:~ gyanaavaibhav$ git config user.email 57447831+Gyanaa-Vaibhav@users.noreply.github.com
fatal: not in a git directory
Gyanaas-MacBook-Air:~ gyanaavaibhav$ git config
usage: git config [<options>]

Config file location
    --global              use global config file
    --system              use system config file
    --local               use repository config file
    --worktree            use per-worktree config file
    -f, --file <file>     use given config file
    --blob <blob-id>      read config from given blob object

Action
    --get                 get value: name [value-pattern]
    --get-all             get all values: key [value-pattern]
    --get-regexp          get values for regexp: name-regex [value-pattern]
    --get-urlmatch        get value specific for the URL: section[.var] URL
    --replace-all         replace all matching variables: name value [value-pattern]
    --add                 add a new variable: name value
    --unset               remove a variable: name [value-pattern]
    --unset-all           remove all matches: name [value-pattern]
    --rename-section      rename section: old-name new-name
    --remove-section      remove a section: name
    -l, --list            list all
    --fixed-value         use string equality when comparing values to 'value-pattern'
    -e, --edit            open an editor
    --get-color           find the color configured: slot [default]
    --get-colorbool       find the color setting: slot [stdout-is-tty]

Type
    -t, --type <>         value is given this type
    --bool                value is "true" or "false"
    --int                 value is decimal number
    --bool-or-int         value is --bool or --int
    --bool-or-str         value is --bool or string
    --path                value is a path (file or directory name)
    --expiry-date         value is an expiry date

Other
    -z, --null            terminate values with NUL byte
    --name-only           show variable names only
    --includes            respect include directives on lookup
    --show-origin         show origin of config (file, standard input, blob, command line)
    --show-scope          show scope of config (worktree, local, global, system, command)
    --default <value>     with --get, use default value when missing entry

Gyanaas-MacBook-Air:~ gyanaavaibhav$ git config --global user.email 57447831+Gyanaa-Vaibhav@users.noreply.github.com
Gyanaas-MacBook-Air:~ gyanaavaibhav$ chmod 600 ~/Downloads/qwiklabs-L34153529.pem
Gyanaas-MacBook-Air:~ gyanaavaibhav$ ssh -i ~/Downloads/qwiklabs-L34153529.pem student-03-733ee1b6285c@104.198.202.21
The authenticity of host '104.198.202.21 (104.198.202.21)' can't be established.
ED25519 key fingerprint is SHA256:wU6ISP/WatJYglPUReRBAhI4l0nQpgMZcohAquJQsmg.
This key is not known by any other names
Are you sure you want to continue connecting (yes/no/[fingerprint])? yes
Warning: Permanently added '104.198.202.21' (ED25519) to the list of known hosts.
Linux linux-instance 5.10.0-18-cloud-amd64 #1 SMP Debian 5.10.140-1 (2022-09-02) x86_64

The programs included with the Debian GNU/Linux system are free software;
the exact distribution terms for each program are described in the
individual files in /usr/share/doc/*/copyright.

Debian GNU/Linux comes with ABSOLUTELY NO WARRANTY, to the extent
permitted by applicable law.
Creating directory '/home/student-03-733ee1b6285c'.
student-03-733ee1b6285c@linux-instance:~$ sudo apt update
Get:1 http://packages.cloud.google.com/apt cloud-sdk-bullseye InRelease [6781 B]
Hit:2 http://deb.debian.org/debian bullseye InRelease                                                
Get:3 http://deb.debian.org/debian bullseye-updates InRelease [44.1 kB]                              
Get:4 http://security.debian.org/debian-security bullseye-security InRelease [48.4 kB]
Get:5 http://deb.debian.org/debian bullseye-backports InRelease [49.0 kB]       
Get:6 http://packages.cloud.google.com/apt google-cloud-packages-archive-keyring-bullseye InRelease [5557 B]
Get:7 http://packages.cloud.google.com/apt google-compute-engine-bullseye-stable InRelease [5533 B]
Get:8 http://packages.cloud.google.com/apt cloud-sdk-bullseye/main amd64 Packages [196 kB]
Get:9 http://deb.debian.org/debian bullseye-updates/main Sources.diff/Index [15.1 kB]
Get:10 http://deb.debian.org/debian bullseye-updates/main amd64 Packages.diff/Index [15.1 kB]
Get:11 http://deb.debian.org/debian bullseye-updates/main Translation-en.diff/Index [6117 B]
Get:12 http://deb.debian.org/debian bullseye-updates/main Sources T-2022-10-31-2015.41-F-2022-09-22-1635.40.pdiff [4009 B]
Get:12 http://deb.debian.org/debian bullseye-updates/main Sources T-2022-10-31-2015.41-F-2022-09-22-1635.40.pdiff [4009 B]
Get:13 http://deb.debian.org/debian bullseye-updates/main amd64 Packages T-2022-10-31-2015.41-F-2022-09-22-1635.40.pdiff [14.3 kB]
Get:13 http://deb.debian.org/debian bullseye-updates/main amd64 Packages T-2022-10-31-2015.41-F-2022-09-22-1635.40.pdiff [14.3 kB]
Get:14 http://deb.debian.org/debian bullseye-updates/main Translation-en T-2022-10-21-2017.32-F-2022-09-22-1635.40.pdiff [6025 B]
Get:15 http://deb.debian.org/debian bullseye-backports/main Sources.diff/Index [63.3 kB]
Ign:15 http://deb.debian.org/debian bullseye-backports/main Sources.diff/Index
Get:16 http://deb.debian.org/debian bullseye-backports/main amd64 Packages.diff/Index [63.3 kB]
Get:14 http://deb.debian.org/debian bullseye-updates/main Translation-en T-2022-10-21-2017.32-F-2022-09-22-1635.40.pdiff [6025 B]
Ign:16 http://deb.debian.org/debian bullseye-backports/main amd64 Packages.diff/Index
Get:17 http://deb.debian.org/debian bullseye-backports/main Translation-en.diff/Index [63.3 kB]
Get:18 http://deb.debian.org/debian bullseye-backports/main Sources [344 kB]
Get:19 http://deb.debian.org/debian bullseye-backports/main amd64 Packages [356 kB]
Get:20 http://deb.debian.org/debian bullseye-backports/main Translation-en T-2022-10-30-2020.19-F-2022-09-22-1115.32.pdiff [45.0 kB]
Get:20 http://deb.debian.org/debian bullseye-backports/main Translation-en T-2022-10-30-2020.19-F-2022-09-22-1115.32.pdiff [45.0 kB]
Get:21 http://security.debian.org/debian-security bullseye-security/main Sources [167 kB]
Get:22 http://security.debian.org/debian-security bullseye-security/main amd64 Packages [193 kB]
Get:23 http://security.debian.org/debian-security bullseye-security/main Translation-en [122 kB]
Get:24 http://packages.cloud.google.com/apt google-cloud-packages-archive-keyring-bullseye/main amd64 Packages [388 B]
Get:25 http://packages.cloud.google.com/apt google-compute-engine-bullseye-stable/main amd64 Packages [1663 B]
Fetched 1836 kB in 1s (1475 kB/s)
Reading package lists... Done
Building dependency tree... Done
Reading state information... Done
18 packages can be upgraded. Run 'apt list --upgradable' to see them.
student-03-733ee1b6285c@linux-instance:~$ sudo spt install git
sudo: spt: command not found
student-03-733ee1b6285c@linux-instance:~$ sudo apt install git
Reading package lists... Done
Building dependency tree... Done
Reading state information... Done
The following additional packages will be installed:
  git-man libcurl3-gnutls liberror-perl libgdbm-compat4 libperl5.32 patch perl perl-modules-5.32
Suggested packages:
  git-daemon-run | git-daemon-sysvinit git-doc git-el git-email git-gui gitk gitweb git-cvs
  git-mediawiki git-svn ed diffutils-doc perl-doc libterm-readline-gnu-perl
  | libterm-readline-perl-perl make libtap-harness-archive-perl
The following NEW packages will be installed:
  git git-man libcurl3-gnutls liberror-perl libgdbm-compat4 libperl5.32 patch perl perl-modules-5.32
0 upgraded, 9 newly installed, 0 to remove and 18 not upgraded.
Need to get 15.1 MB of archives.
After this operation, 86.1 MB of additional disk space will be used.
Do you want to continue? [Y/n] Y 
Get:1 http://deb.debian.org/debian bullseye/main amd64 perl-modules-5.32 all 5.32.1-4+deb11u2 [2823 kB]
Get:2 http://deb.debian.org/debian bullseye/main amd64 libgdbm-compat4 amd64 1.19-2 [44.7 kB]
Get:3 http://deb.debian.org/debian bullseye/main amd64 libperl5.32 amd64 5.32.1-4+deb11u2 [4106 kB]
Get:4 http://deb.debian.org/debian bullseye/main amd64 perl amd64 5.32.1-4+deb11u2 [293 kB]
Get:5 http://deb.debian.org/debian bullseye/main amd64 libcurl3-gnutls amd64 7.74.0-1.3+deb11u3 [342 kB]
Get:6 http://deb.debian.org/debian bullseye/main amd64 liberror-perl all 0.17029-1 [31.0 kB]
Get:7 http://deb.debian.org/debian bullseye/main amd64 git-man all 1:2.30.2-1 [1827 kB]
Get:8 http://deb.debian.org/debian bullseye/main amd64 git amd64 1:2.30.2-1 [5527 kB]
Get:9 http://deb.debian.org/debian bullseye/main amd64 patch amd64 2.7.6-7 [128 kB]
Fetched 15.1 MB in 0s (34.5 MB/s)
perl: warning: Setting locale failed.
perl: warning: Please check that your locale settings:
	LANGUAGE = (unset),
	LC_ALL = (unset),
	LC_CTYPE = "UTF-8",
	LANG = "C.UTF-8"
    are supported and installed on your system.
perl: warning: Falling back to a fallback locale ("C.UTF-8").
Selecting previously unselected package perl-modules-5.32.
(Reading database ... 53755 files and directories currently installed.)
Preparing to unpack .../0-perl-modules-5.32_5.32.1-4+deb11u2_all.deb ...
Unpacking perl-modules-5.32 (5.32.1-4+deb11u2) ...
Selecting previously unselected package libgdbm-compat4:amd64.
Preparing to unpack .../1-libgdbm-compat4_1.19-2_amd64.deb ...
Unpacking libgdbm-compat4:amd64 (1.19-2) ...
Selecting previously unselected package libperl5.32:amd64.
Preparing to unpack .../2-libperl5.32_5.32.1-4+deb11u2_amd64.deb ...
Unpacking libperl5.32:amd64 (5.32.1-4+deb11u2) ...
Selecting previously unselected package perl.
Preparing to unpack .../3-perl_5.32.1-4+deb11u2_amd64.deb ...
Unpacking perl (5.32.1-4+deb11u2) ...
Selecting previously unselected package libcurl3-gnutls:amd64.
Preparing to unpack .../4-libcurl3-gnutls_7.74.0-1.3+deb11u3_amd64.deb ...
Unpacking libcurl3-gnutls:amd64 (7.74.0-1.3+deb11u3) ...
Selecting previously unselected package liberror-perl.
Preparing to unpack .../5-liberror-perl_0.17029-1_all.deb ...
Unpacking liberror-perl (0.17029-1) ...
Selecting previously unselected package git-man.
Preparing to unpack .../6-git-man_1%3a2.30.2-1_all.deb ...
Unpacking git-man (1:2.30.2-1) ...
Selecting previously unselected package git.
Preparing to unpack .../7-git_1%3a2.30.2-1_amd64.deb ...
Unpacking git (1:2.30.2-1) ...
Selecting previously unselected package patch.
Preparing to unpack .../8-patch_2.7.6-7_amd64.deb ...
Unpacking patch (2.7.6-7) ...
Setting up perl-modules-5.32 (5.32.1-4+deb11u2) ...
Setting up libcurl3-gnutls:amd64 (7.74.0-1.3+deb11u3) ...
Setting up patch (2.7.6-7) ...
Setting up libgdbm-compat4:amd64 (1.19-2) ...
Setting up libperl5.32:amd64 (5.32.1-4+deb11u2) ...
Setting up git-man (1:2.30.2-1) ...
Setting up perl (5.32.1-4+deb11u2) ...
Setting up liberror-perl (0.17029-1) ...
Setting up git (1:2.30.2-1) ...
Processing triggers for man-db (2.9.4-2) ...
Processing triggers for libc-bin (2.31-13+deb11u4) ...
student-03-733ee1b6285c@linux-instance:~$ git --version
git version 2.30.2
student-03-733ee1b6285c@linux-instance:~$ mkdir my-git-repo
student-03-733ee1b6285c@linux-instance:~$ cd my-git-repo
student-03-733ee1b6285c@linux-instance:~/my-git-repo$ git init
hint: Using 'master' as the name for the initial branch. This default branch name
hint: is subject to change. To configure the initial branch name to use in all
hint: of your new repositories, which will suppress this warning, call:
hint: 
hint: 	git config --global init.defaultBranch <name>
hint: 
hint: Names commonly chosen instead of 'master' are 'main', 'trunk' and
hint: 'development'. The just-created branch can be renamed via this command:
hint: 
hint: 	git branch -m <name>
Initialized empty Git repository in /home/student-03-733ee1b6285c/my-git-repo/.git/
student-03-733ee1b6285c@linux-instance:~/my-git-repo$ git config --global user.email gynanrudr0@gmail.com
student-03-733ee1b6285c@linux-instance:~/my-git-repo$ nano README
student-03-733ee1b6285c@linux-instance:~/my-git-repo$ git status
On branch master

No commits yet

Untracked files:
  (use "git add <file>..." to include in what will be committed)
	README

nothing added to commit but untracked files present (use "git add" to track)
student-03-733ee1b6285c@linux-instance:~/my-git-repo$ git add README
student-03-733ee1b6285c@linux-instance:~/my-git-repo$ git status
On branch master

No commits yet

Changes to be committed:
  (use "git rm --cached <file>..." to unstage)
	new file:   README

student-03-733ee1b6285c@linux-instance:~/my-git-repo$ git commit
[master (root-commit) 6d0759a] This is my first commit!
 1 file changed, 1 insertion(+)
 create mode 100644 README
student-03-733ee1b6285c@linux-instance:~/my-git-repo$ nano README
student-03-733ee1b6285c@linux-instance:~/my-git-repo$ git status
On branch master
Changes not staged for commit:
  (use "git add <file>..." to update what will be committed)
  (use "git restore <file>..." to discard changes in working directory)
	modified:   README

no changes added to commit (use "git add" and/or "git commit -a")
student-03-733ee1b6285c@linux-instance:~/my-git-repo$ git diff README
diff --git a/README b/README
index eb6d976..8e569d4 100644
--- a/README
+++ b/README
@@ -1 +1,2 @@
 This is my first repository.
+A repository is a location where all the files of a particular project are stored.
student-03-733ee1b6285c@linux-instance:~/my-git-repo$ git add README
student-03-733ee1b6285c@linux-instance:~/my-git-repo$ git status
On branch master
Changes to be committed:
  (use "git restore --staged <file>..." to unstage)
	modified:   README

student-03-733ee1b6285c@linux-instance:~/my-git-repo$ git commit -m "This is my second commit."
[master 44e745a] This is my second commit.
 1 file changed, 1 insertion(+)
student-03-733ee1b6285c@linux-instance:~/my-git-repo$ git log
commit 44e745a8cfb61014333d8e868a897f66073156e0 (HEAD -> master)
Author: Gyanaa_Vaibhav <gynanrudr0@gmail.com>
Date:   Tue Nov 1 13:52:44 2022 +0000

    This is my second commit.

commit 6d0759a9b8ef8d18b6223d356f9fd11a9ed4be7f
Author: Gyanaa_Vaibhav <gynanrudr0@gmail.com>
Date:   Tue Nov 1 13:51:34 2022 +0000

    This is my first commit!
student-03-733ee1b6285c@linux-instance:~/my-git-repo$ 
